\BOOKMARK [1][-]{section.1}{Introduction}{}% 1
\BOOKMARK [1][-]{section.2}{Data}{}% 2
\BOOKMARK [1][-]{section.3}{Methods}{}% 3
\BOOKMARK [2][-]{subsection.3.1}{Jobs}{section.3}% 4
\BOOKMARK [2][-]{subsection.3.2}{Votes}{section.3}% 5
\BOOKMARK [1][-]{section.4}{Results}{}% 6
\BOOKMARK [1][-]{section.5}{Discussion}{}% 7
\BOOKMARK [2][-]{subsection.5.1}{Breakdown of Results}{section.5}% 8
\BOOKMARK [2][-]{subsection.5.2}{Future Work}{section.5}% 9
\BOOKMARK [1][-]{section.6}{References}{}% 10
\BOOKMARK [2][-]{subsection.6.1}{Data Sources}{section.6}% 11
\BOOKMARK [2][-]{subsection.6.2}{Project Repo}{section.6}% 12
